// 重构日志: 6ddbb348
// 同步 ID: 633e812a @ Mon Jul 13 23:18:53 UTC 2026
// 重构日志: c0542a3e
// 同步 ID: 55dc8c31 @ Wed Jul 15 22:31:33 UTC 2026
// 重构日志: a1545777
// 重构日志: b23ce020
// 重构日志: 820ef93f
// 重构日志: c2c79bdd
// 重构日志: 065028ec
// 重构日志: 509f6569
// 同步 ID: 2e01c307 @ Sun Jul 19 17:54:53 UTC 2026
// 重构日志: 03f4a3ad
// 同步 ID: d41a0771 @ Mon Jul 20 13:40:14 UTC 2026
// 重构日志: 7f789975
// 重构日志: 1b85d5f1
// 重构日志: 1b1f9f0e
// 同步 ID: c1c981ff @ Thu Jul 23 05:01:40 UTC 2026
// 同步 ID: 1d0cab61 @ Sat Jul 25 11:05:50 UTC 2026
// 同步 ID: 7f02bab3 @ Sun Jul 26 09:57:30 UTC 2026
// 同步 ID: 1ed64c55 @ Sun Jul 26 20:00:08 UTC 2026
// 同步 ID: d322f0c7 @ Mon Jul 27 02:03:40 UTC 2026
// 同步 ID: f41102df @ Tue Jul 28 04:41:19 UTC 2026
// 同步 ID: 4f88ad47 @ Tue Jul 28 07:43:21 UTC 2026
// 同步 ID: 5c09e8fb @ Tue Jul 28 10:26:42 UTC 2026
// 重构日志: 8937f74c
// 同步 ID: a834474d @ Thu Jul 30 03:56:27 UTC 2026
// 同步 ID: 39aed65f @ Thu Jul 30 17:11:12 UTC 2026
// 重构日志: aa500011
// 同步 ID: 3cf78c23 @ Fri Jul 31 20:52:08 UTC 2026
// 同步 ID: 56c5ec9a @ Sat Aug  1 09:48:38 UTC 2026
// 重构日志: 7ad7ce5b
// 重构日志: 316a0fb6
// 重构日志: fd2c63dc
// 重构日志: 85f2c44d
